
> hardwarehub@1.0.0 build
> vite build

[36mvite v7.3.1 [32mbuilding client environment for production...[36m[39m
transforming...
node.exe : 
At line:1 char:1
+ & "D:\Program 
Files\nodejs/node.exe" 
"D:\Program 
Files\nodejs/node_mo ...
+ ~~~~~~~~~~~~~~~~~~~~~~~~~~~
~~~~~~~~~~~~~~~~~~~~~~~~~~~~~
~~~~~~~~~~~~~
    + CategoryInfo           
   : NotSpecified: (:String  
  ) [], RemoteException
    + FullyQualifiedErrorId  
   : NativeCommandError
 
[1m[33mwarn[39m[22m - 
The class 
`duration-[2000ms]` is 
ambiguous and matches 
multiple utilities.
[1m[33mwarn[39m[22m - If 
this is content and not a 
class, replace it with `durat
ion-&lsqb;2000ms&rsqb;` to 
silence this warning.
[32mΓ£ô[39m 1925 modules transformed.
rendering chunks...
computing gzip size...
[2mdist/[22m[32mindex.html                 [39m[1m[2m  1.30 kB[22m[1m[22m[2m Γöé gzip:   0.72 kB[22m
[2mdist/[22m[35massets/index-BDNXCzII.css  [39m[1m[2m 75.76 kB[22m[1m[22m[2m Γöé gzip:  12.60 kB[22m
[2mdist/[22m[36massets/index-AUV5f-Wf.js   [39m[1m[33m767.30 kB[39m[22m[2m Γöé gzip: 217.99 kB[22m
[33m
(!) Some chunks are larger 
than 500 kB after 
minification. Consider:
- Using dynamic import() to 
code-split the application
- Use build.rollupOptions.out
put.manualChunks to improve 
chunking: https://rollupjs.or
g/configuration-options/#outp
ut-manualchunks
- Adjust chunk size limit 
for this warning via build.ch
unkSizeWarningLimit.[39m
[32mΓ£ô built in 4.72s[39m
